// Jest Snapshot v1, https://goo.gl/fbAQLP

exports[`Heading H1 test Check snapshot 1`] = `
<h1
  className="sc-a81cf63e-0 joWpYe"
  size="48px"
>
  naohito-T
</h1>
`;
