// Jest Snapshot v1, https://goo.gl/fbAQLP

exports[`Heading H2 test. Check snapshot 1`] = `
<h2
  className="sc-1ef67e09-0 jtgedN"
  size="32px"
>
  naohito-T
</h2>
`;
